<?xml version="1.0"?>
<link_info>
   <banner>TI ARM Linker PC v5.2.2</banner>
   <copyright>Copyright (c) 1996-2015 Texas Instruments Incorporated</copyright>
   <link_time>0x5762a137</link_time>
   <link_errors>0x0</link_errors>
   <output_file>TM4C1294Demo.out</output_file>
   <entry_point>
      <name>_c_int00</name>
      <address>0x3d75</address>
   </entry_point>
   <input_file_list>
      <input_file id="fl-2">
         <path>.\</path>
         <kind>object</kind>
         <file>main.obj</file>
         <name>main.obj</name>
      </input_file>
      <input_file id="fl-3">
         <path>.\</path>
         <kind>object</kind>
         <file>tm4c1294ncpdt_startup_ccs.obj</file>
         <name>tm4c1294ncpdt_startup_ccs.obj</name>
      </input_file>
      <input_file id="fl-4">
         <path>.\driverlib\</path>
         <kind>object</kind>
         <file>adc.obj</file>
         <name>adc.obj</name>
      </input_file>
      <input_file id="fl-5">
         <path>.\driverlib\</path>
         <kind>object</kind>
         <file>aes.obj</file>
         <name>aes.obj</name>
      </input_file>
      <input_file id="fl-6">
         <path>.\driverlib\</path>
         <kind>object</kind>
         <file>can.obj</file>
         <name>can.obj</name>
      </input_file>
      <input_file id="fl-7">
         <path>.\driverlib\</path>
         <kind>object</kind>
         <file>comp.obj</file>
         <name>comp.obj</name>
      </input_file>
      <input_file id="fl-8">
         <path>.\driverlib\</path>
         <kind>object</kind>
         <file>cpu.obj</file>
         <name>cpu.obj</name>
      </input_file>
      <input_file id="fl-9">
         <path>.\driverlib\</path>
         <kind>object</kind>
         <file>crc.obj</file>
         <name>crc.obj</name>
      </input_file>
      <input_file id="fl-a">
         <path>.\driverlib\</path>
         <kind>object</kind>
         <file>des.obj</file>
         <name>des.obj</name>
      </input_file>
      <input_file id="fl-b">
         <path>.\driverlib\</path>
         <kind>object</kind>
         <file>eeprom.obj</file>
         <name>eeprom.obj</name>
      </input_file>
      <input_file id="fl-c">
         <path>.\driverlib\</path>
         <kind>object</kind>
         <file>emac.obj</file>
         <name>emac.obj</name>
      </input_file>
      <input_file id="fl-d">
         <path>.\driverlib\</path>
         <kind>object</kind>
         <file>epi.obj</file>
         <name>epi.obj</name>
      </input_file>
      <input_file id="fl-e">
         <path>.\driverlib\</path>
         <kind>object</kind>
         <file>flash.obj</file>
         <name>flash.obj</name>
      </input_file>
      <input_file id="fl-f">
         <path>.\driverlib\</path>
         <kind>object</kind>
         <file>fpu.obj</file>
         <name>fpu.obj</name>
      </input_file>
      <input_file id="fl-10">
         <path>.\driverlib\</path>
         <kind>object</kind>
         <file>gpio.obj</file>
         <name>gpio.obj</name>
      </input_file>
      <input_file id="fl-11">
         <path>.\driverlib\</path>
         <kind>object</kind>
         <file>hibernate.obj</file>
         <name>hibernate.obj</name>
      </input_file>
      <input_file id="fl-12">
         <path>.\driverlib\</path>
         <kind>object</kind>
         <file>i2c.obj</file>
         <name>i2c.obj</name>
      </input_file>
      <input_file id="fl-13">
         <path>.\driverlib\</path>
         <kind>object</kind>
         <file>interrupt.obj</file>
         <name>interrupt.obj</name>
      </input_file>
      <input_file id="fl-14">
         <path>.\driverlib\</path>
         <kind>object</kind>
         <file>lcd.obj</file>
         <name>lcd.obj</name>
      </input_file>
      <input_file id="fl-15">
         <path>.\driverlib\</path>
         <kind>object</kind>
         <file>mpu.obj</file>
         <name>mpu.obj</name>
      </input_file>
      <input_file id="fl-16">
         <path>.\driverlib\</path>
         <kind>object</kind>
         <file>onewire.obj</file>
         <name>onewire.obj</name>
      </input_file>
      <input_file id="fl-17">
         <path>.\driverlib\</path>
         <kind>object</kind>
         <file>pwm.obj</file>
         <name>pwm.obj</name>
      </input_file>
      <input_file id="fl-18">
         <path>.\driverlib\</path>
         <kind>object</kind>
         <file>qei.obj</file>
         <name>qei.obj</name>
      </input_file>
      <input_file id="fl-19">
         <path>.\driverlib\</path>
         <kind>object</kind>
         <file>shamd5.obj</file>
         <name>shamd5.obj</name>
      </input_file>
      <input_file id="fl-1a">
         <path>.\driverlib\</path>
         <kind>object</kind>
         <file>ssi.obj</file>
         <name>ssi.obj</name>
      </input_file>
      <input_file id="fl-1b">
         <path>.\driverlib\</path>
         <kind>object</kind>
         <file>sw_crc.obj</file>
         <name>sw_crc.obj</name>
      </input_file>
      <input_file id="fl-1c">
         <path>.\driverlib\</path>
         <kind>object</kind>
         <file>sysctl.obj</file>
         <name>sysctl.obj</name>
      </input_file>
      <input_file id="fl-1d">
         <path>.\driverlib\</path>
         <kind>object</kind>
         <file>sysexc.obj</file>
         <name>sysexc.obj</name>
      </input_file>
      <input_file id="fl-1e">
         <path>.\driverlib\</path>
         <kind>object</kind>
         <file>systick.obj</file>
         <name>systick.obj</name>
      </input_file>
      <input_file id="fl-1f">
         <path>.\driverlib\</path>
         <kind>object</kind>
         <file>timer.obj</file>
         <name>timer.obj</name>
      </input_file>
      <input_file id="fl-20">
         <path>.\driverlib\</path>
         <kind>object</kind>
         <file>uart.obj</file>
         <name>uart.obj</name>
      </input_file>
      <input_file id="fl-21">
         <path>.\driverlib\</path>
         <kind>object</kind>
         <file>udma.obj</file>
         <name>udma.obj</name>
      </input_file>
      <input_file id="fl-22">
         <path>.\driverlib\</path>
         <kind>object</kind>
         <file>usb.obj</file>
         <name>usb.obj</name>
      </input_file>
      <input_file id="fl-23">
         <path>.\driverlib\</path>
         <kind>object</kind>
         <file>watchdog.obj</file>
         <name>watchdog.obj</name>
      </input_file>
      <input_file id="fl-24">
         <path>.\UART\</path>
         <kind>object</kind>
         <file>uart.obj</file>
         <name>uart.obj</name>
      </input_file>
      <input_file id="fl-25">
         <path>.\ISR\</path>
         <kind>object</kind>
         <file>isr.obj</file>
         <name>isr.obj</name>
      </input_file>
      <input_file id="fl-26">
         <path>.\INIT\</path>
         <kind>object</kind>
         <file>init.obj</file>
         <name>init.obj</name>
      </input_file>
      <input_file id="fl-27">
         <path>.\ADC\</path>
         <kind>object</kind>
         <file>adc.obj</file>
         <name>adc.obj</name>
      </input_file>
      <input_file id="fl-14e">
         <path>C:\ti\ccsv6\tools\compiler\ti-cgt-arm_5.2.2\lib\</path>
         <kind>archive</kind>
         <file>rtsv7M4_T_le_v4SPD16_eabi.lib</file>
         <name>boot.obj</name>
      </input_file>
      <input_file id="fl-14f">
         <path>C:\ti\ccsv6\tools\compiler\ti-cgt-arm_5.2.2\lib\</path>
         <kind>archive</kind>
         <file>rtsv7M4_T_le_v4SPD16_eabi.lib</file>
         <name>copy_decompress_none.obj</name>
      </input_file>
      <input_file id="fl-150">
         <path>C:\ti\ccsv6\tools\compiler\ti-cgt-arm_5.2.2\lib\</path>
         <kind>archive</kind>
         <file>rtsv7M4_T_le_v4SPD16_eabi.lib</file>
         <name>copy_decompress_rle.obj</name>
      </input_file>
      <input_file id="fl-151">
         <path>C:\ti\ccsv6\tools\compiler\ti-cgt-arm_5.2.2\lib\</path>
         <kind>archive</kind>
         <file>rtsv7M4_T_le_v4SPD16_eabi.lib</file>
         <name>copy_zero_init.obj</name>
      </input_file>
      <input_file id="fl-152">
         <path>C:\ti\ccsv6\tools\compiler\ti-cgt-arm_5.2.2\lib\</path>
         <kind>archive</kind>
         <file>rtsv7M4_T_le_v4SPD16_eabi.lib</file>
         <name>exit.obj</name>
      </input_file>
      <input_file id="fl-153">
         <path>C:\ti\ccsv6\tools\compiler\ti-cgt-arm_5.2.2\lib\</path>
         <kind>archive</kind>
         <file>rtsv7M4_T_le_v4SPD16_eabi.lib</file>
         <name>memcpy_t2.obj</name>
      </input_file>
      <input_file id="fl-154">
         <path>C:\ti\ccsv6\tools\compiler\ti-cgt-arm_5.2.2\lib\</path>
         <kind>archive</kind>
         <file>rtsv7M4_T_le_v4SPD16_eabi.lib</file>
         <name>memset_t2.obj</name>
      </input_file>
      <input_file id="fl-155">
         <path>C:\ti\ccsv6\tools\compiler\ti-cgt-arm_5.2.2\lib\</path>
         <kind>archive</kind>
         <file>rtsv7M4_T_le_v4SPD16_eabi.lib</file>
         <name>pre_init.obj</name>
      </input_file>
      <input_file id="fl-156">
         <path>C:\ti\ccsv6\tools\compiler\ti-cgt-arm_5.2.2\lib\</path>
         <kind>archive</kind>
         <file>rtsv7M4_T_le_v4SPD16_eabi.lib</file>
         <name>stkdepth_vars.obj</name>
      </input_file>
      <input_file id="fl-157">
         <path>C:\ti\ccsv6\tools\compiler\ti-cgt-arm_5.2.2\lib\</path>
         <kind>archive</kind>
         <file>rtsv7M4_T_le_v4SPD16_eabi.lib</file>
         <name>_lock.obj</name>
      </input_file>
      <input_file id="fl-158">
         <path>C:\ti\ccsv6\tools\compiler\ti-cgt-arm_5.2.2\lib\</path>
         <kind>archive</kind>
         <file>rtsv7M4_T_le_v4SPD16_eabi.lib</file>
         <name>args_main.obj</name>
      </input_file>
      <input_file id="fl-159">
         <path>C:\ti\ccsv6\tools\compiler\ti-cgt-arm_5.2.2\lib\</path>
         <kind>archive</kind>
         <file>rtsv7M4_T_le_v4SPD16_eabi.lib</file>
         <name>autoinit.obj</name>
      </input_file>
      <input_file id="fl-15a">
         <path>C:\ti\ccsv6\tools\compiler\ti-cgt-arm_5.2.2\lib\</path>
         <kind>archive</kind>
         <file>rtsv7M4_T_le_v4SPD16_eabi.lib</file>
         <name>cpy_tbl.obj</name>
      </input_file>
   </input_file_list>
   <object_component_list>
      <object_component id="oc-f">
         <name>.intvecs</name>
         <load_address>0x0</load_address>
         <run_address>0x0</run_address>
         <size>0x208</size>
         <input_file_ref idref="fl-3"/>
      </object_component>
      <object_component id="oc-11f">
         <name>.text</name>
         <load_address>0x208</load_address>
         <run_address>0x208</run_address>
         <size>0xef0</size>
         <input_file_ref idref="fl-1c"/>
      </object_component>
      <object_component id="oc-8d">
         <name>.text</name>
         <load_address>0x10f8</load_address>
         <run_address>0x10f8</run_address>
         <size>0xbbc</size>
         <input_file_ref idref="fl-10"/>
      </object_component>
      <object_component id="oc-125">
         <name>.text</name>
         <load_address>0x1cb4</load_address>
         <run_address>0x1cb4</run_address>
         <size>0x7be</size>
         <input_file_ref idref="fl-4"/>
      </object_component>
      <object_component id="oc-81">
         <name>.text</name>
         <load_address>0x2474</load_address>
         <run_address>0x2474</run_address>
         <size>0x65a</size>
         <input_file_ref idref="fl-1f"/>
      </object_component>
      <object_component id="oc-7b">
         <name>.text</name>
         <load_address>0x2ad0</load_address>
         <run_address>0x2ad0</run_address>
         <size>0x622</size>
         <input_file_ref idref="fl-20"/>
      </object_component>
      <object_component id="oc-30">
         <name>.text</name>
         <load_address>0x30f4</load_address>
         <run_address>0x30f4</run_address>
         <size>0x478</size>
         <input_file_ref idref="fl-25"/>
      </object_component>
      <object_component id="oc-10c">
         <name>.text</name>
         <load_address>0x356c</load_address>
         <run_address>0x356c</run_address>
         <size>0x3c0</size>
         <input_file_ref idref="fl-13"/>
      </object_component>
      <object_component id="oc-87">
         <name>.text</name>
         <load_address>0x392c</load_address>
         <run_address>0x392c</run_address>
         <size>0x108</size>
         <input_file_ref idref="fl-27"/>
      </object_component>
      <object_component id="oc-163">
         <name>.text</name>
         <load_address>0x3a34</load_address>
         <run_address>0x3a34</run_address>
         <size>0xb8</size>
         <input_file_ref idref="fl-26"/>
      </object_component>
      <object_component id="oc-39">
         <name>.text</name>
         <load_address>0x3aec</load_address>
         <run_address>0x3aec</run_address>
         <size>0x9c</size>
         <input_file_ref idref="fl-153"/>
      </object_component>
      <object_component id="oc-93">
         <name>.text</name>
         <load_address>0x3b88</load_address>
         <run_address>0x3b88</run_address>
         <size>0x98</size>
         <input_file_ref idref="fl-24"/>
      </object_component>
      <object_component id="oc-52">
         <name>.text</name>
         <load_address>0x3c20</load_address>
         <run_address>0x3c20</run_address>
         <size>0x7a</size>
         <input_file_ref idref="fl-154"/>
      </object_component>
      <object_component id="oc-64">
         <name>.text</name>
         <load_address>0x3c9c</load_address>
         <run_address>0x3c9c</run_address>
         <size>0x6c</size>
         <input_file_ref idref="fl-159"/>
      </object_component>
      <object_component id="oc-45">
         <name>.text</name>
         <load_address>0x3d08</load_address>
         <run_address>0x3d08</run_address>
         <size>0x6a</size>
         <input_file_ref idref="fl-150"/>
      </object_component>
      <object_component id="oc-24">
         <name>.text</name>
         <load_address>0x3d74</load_address>
         <run_address>0x3d74</run_address>
         <size>0x50</size>
         <input_file_ref idref="fl-14e"/>
      </object_component>
      <object_component id="oc-e8">
         <name>.text</name>
         <load_address>0x3dc4</load_address>
         <run_address>0x3dc4</run_address>
         <size>0x4c</size>
         <input_file_ref idref="fl-15a"/>
      </object_component>
      <object_component id="oc-70">
         <name>.text</name>
         <load_address>0x3e10</load_address>
         <run_address>0x3e10</run_address>
         <size>0x44</size>
         <input_file_ref idref="fl-152"/>
      </object_component>
      <object_component id="oc-185">
         <name>.text</name>
         <load_address>0x3e54</load_address>
         <run_address>0x3e54</run_address>
         <size>0x3e</size>
         <input_file_ref idref="fl-8"/>
      </object_component>
      <object_component id="oc-f0">
         <name>.text</name>
         <load_address>0x3e94</load_address>
         <run_address>0x3e94</run_address>
         <size>0x38</size>
         <input_file_ref idref="fl-2"/>
      </object_component>
      <object_component id="oc-6a">
         <name>.text</name>
         <load_address>0x3ecc</load_address>
         <run_address>0x3ecc</run_address>
         <size>0x18</size>
         <input_file_ref idref="fl-158"/>
      </object_component>
      <object_component id="oc-171">
         <name>.text</name>
         <load_address>0x3ee4</load_address>
         <run_address>0x3ee4</run_address>
         <size>0x14</size>
         <input_file_ref idref="fl-157"/>
      </object_component>
      <object_component id="oc-12">
         <name>.text:decompress:none</name>
         <load_address>0x3ef8</load_address>
         <run_address>0x3ef8</run_address>
         <size>0xe</size>
         <input_file_ref idref="fl-14f"/>
      </object_component>
      <object_component id="oc-1e">
         <name>.text:decompress:ZI</name>
         <load_address>0x3f06</load_address>
         <run_address>0x3f06</run_address>
         <size>0xc</size>
         <input_file_ref idref="fl-151"/>
      </object_component>
      <object_component id="oc-2a">
         <name>.text</name>
         <load_address>0x3f12</load_address>
         <run_address>0x3f12</run_address>
         <size>0xc</size>
         <input_file_ref idref="fl-3"/>
      </object_component>
      <object_component id="oc-1ac">
         <name>.text:SysCtlDelay</name>
         <load_address>0x3f1e</load_address>
         <run_address>0x3f1e</run_address>
         <size>0x6</size>
         <input_file_ref idref="fl-1c"/>
      </object_component>
      <object_component id="oc-18">
         <name>.text:decompress:rle24</name>
         <load_address>0x3f24</load_address>
         <run_address>0x3f24</run_address>
         <size>0x6</size>
         <input_file_ref idref="fl-150"/>
      </object_component>
      <object_component id="oc-5e">
         <name>.text</name>
         <load_address>0x3f2a</load_address>
         <run_address>0x3f2a</run_address>
         <size>0x4</size>
         <input_file_ref idref="fl-155"/>
      </object_component>
      <object_component id="oc-1a6">
         <name>.const:g_pppui32XTALtoVCO</name>
         <load_address>0x3f30</load_address>
         <run_address>0x3f30</run_address>
         <size>0x120</size>
         <input_file_ref idref="fl-1c"/>
      </object_component>
      <object_component id="oc-12d">
         <name>.const:g_ppui32GPIOIntMapBlizzard</name>
         <load_address>0x4050</load_address>
         <run_address>0x4050</run_address>
         <size>0xc0</size>
         <input_file_ref idref="fl-10"/>
      </object_component>
      <object_component id="oc-133">
         <name>.const:g_ppui32GPIOIntMapSnowflake</name>
         <load_address>0x4110</load_address>
         <run_address>0x4110</run_address>
         <size>0xc0</size>
         <input_file_ref idref="fl-10"/>
      </object_component>
      <object_component id="oc-191">
         <name>.const:g_pui32Regs</name>
         <load_address>0x41d0</load_address>
         <run_address>0x41d0</run_address>
         <size>0x9c</size>
         <input_file_ref idref="fl-13"/>
      </object_component>
      <object_component id="oc-136">
         <name>.const:g_pui32GPIOBaseAddrs</name>
         <load_address>0x426c</load_address>
         <run_address>0x426c</run_address>
         <size>0x90</size>
         <input_file_ref idref="fl-10"/>
      </object_component>
      <object_component id="oc-18e">
         <name>.const</name>
         <load_address>0x42fc</load_address>
         <run_address>0x42fc</run_address>
         <size>0x70</size>
         <input_file_ref idref="fl-13"/>
      </object_component>
      <object_component id="oc-1a3">
         <name>.const:g_pui32Xtals</name>
         <load_address>0x436c</load_address>
         <run_address>0x436c</run_address>
         <size>0x6c</size>
         <input_file_ref idref="fl-1c"/>
      </object_component>
      <object_component id="oc-114">
         <name>.const:g_ppui32TimerIntMap</name>
         <load_address>0x43d8</load_address>
         <run_address>0x43d8</run_address>
         <size>0x60</size>
         <input_file_ref idref="fl-1f"/>
      </object_component>
      <object_component id="oc-11a">
         <name>.const:g_ppui32TimerIntMapSnowflake</name>
         <load_address>0x4438</load_address>
         <run_address>0x4438</run_address>
         <size>0x40</size>
         <input_file_ref idref="fl-1f"/>
      </object_component>
      <object_component id="oc-103">
         <name>.const:g_ppui32UARTIntMap</name>
         <load_address>0x4478</load_address>
         <run_address>0x4478</run_address>
         <size>0x40</size>
         <input_file_ref idref="fl-20"/>
      </object_component>
      <object_component id="oc-109">
         <name>.const:g_ppui32UARTIntMapSnowflake</name>
         <load_address>0x44b8</load_address>
         <run_address>0x44b8</run_address>
         <size>0x40</size>
         <input_file_ref idref="fl-20"/>
      </object_component>
      <object_component id="oc-ba">
         <name>.const:bs_coeffs</name>
         <load_address>0x44f8</load_address>
         <run_address>0x44f8</run_address>
         <size>0x3e</size>
         <input_file_ref idref="fl-25"/>
      </object_component>
      <object_component id="oc-b6">
         <name>.const:bp_coeffs</name>
         <load_address>0x4536</load_address>
         <run_address>0x4536</run_address>
         <size>0x3c</size>
         <input_file_ref idref="fl-25"/>
      </object_component>
      <object_component id="oc-1a0">
         <name>.const:g_sXTALtoMEMTIM</name>
         <load_address>0x4574</load_address>
         <run_address>0x4574</run_address>
         <size>0x30</size>
         <input_file_ref idref="fl-1c"/>
      </object_component>
      <object_component id="oc-b2">
         <name>.const:hp_coeffs</name>
         <load_address>0x45a4</load_address>
         <run_address>0x45a4</run_address>
         <size>0x30</size>
         <input_file_ref idref="fl-25"/>
      </object_component>
      <object_component id="oc-ae">
         <name>.const:lp_coeffs</name>
         <load_address>0x45d4</load_address>
         <run_address>0x45d4</run_address>
         <size>0x30</size>
         <input_file_ref idref="fl-25"/>
      </object_component>
      <object_component id="oc-106">
         <name>.const</name>
         <load_address>0x4604</load_address>
         <run_address>0x4604</run_address>
         <size>0x8</size>
         <input_file_ref idref="fl-20"/>
      </object_component>
      <object_component id="oc-130">
         <name>.const</name>
         <load_address>0x460c</load_address>
         <run_address>0x460c</run_address>
         <size>0x8</size>
         <input_file_ref idref="fl-10"/>
      </object_component>
      <object_component id="oc-1a9">
         <name>.const</name>
         <load_address>0x4614</load_address>
         <run_address>0x4614</run_address>
         <size>0x8</size>
         <input_file_ref idref="fl-1c"/>
      </object_component>
      <object_component id="oc-117">
         <name>.const</name>
         <load_address>0x461c</load_address>
         <run_address>0x461c</run_address>
         <size>0x8</size>
         <input_file_ref idref="fl-1f"/>
      </object_component>
      <object_component id="oc-20c">
         <name>.cinit..data.load</name>
         <load_address>0x4628</load_address>
         <run_address>0x4628</run_address>
         <size>0x1a</size>
      </object_component>
      <object_component id="oc-209">
         <name>__TI_handler_table</name>
         <load_address>0x4644</load_address>
         <run_address>0x4644</run_address>
         <size>0xc</size>
      </object_component>
      <object_component id="oc-20d">
         <name>.cinit..bss.load</name>
         <load_address>0x4650</load_address>
         <run_address>0x4650</run_address>
         <size>0x8</size>
      </object_component>
      <object_component id="oc-20b">
         <name>.cinit..vtable.load</name>
         <load_address>0x4658</load_address>
         <run_address>0x4658</run_address>
         <size>0x8</size>
      </object_component>
      <object_component id="oc-20a">
         <name>__TI_cinit_table</name>
         <load_address>0x4660</load_address>
         <run_address>0x4660</run_address>
         <size>0x18</size>
      </object_component>
      <object_component id="oc-18b">
         <name>.vtable</name>
         <uninitialized>true</uninitialized>
         <run_address>0x20000000</run_address>
         <size>0x26c</size>
         <input_file_ref idref="fl-13"/>
      </object_component>
      <object_component id="oc-29">
         <name>.stack</name>
         <uninitialized>true</uninitialized>
         <run_address>0x200004f0</run_address>
         <size>0x0</size>
         <input_file_ref idref="fl-14e"/>
      </object_component>
      <object_component id="oc-20e">
         <name>.stack</name>
         <uninitialized>true</uninitialized>
         <run_address>0x200004f0</run_address>
         <size>0x0</size>
      </object_component>
      <object_component id="oc-aa">
         <name>.bss:data_comb_rx</name>
         <uninitialized>true</uninitialized>
         <run_address>0x2000046c</run_address>
         <size>0x28</size>
         <input_file_ref idref="fl-25"/>
      </object_component>
      <object_component id="oc-a4">
         <name>.bss:data_comb_send</name>
         <uninitialized>true</uninitialized>
         <run_address>0x20000494</run_address>
         <size>0x28</size>
         <input_file_ref idref="fl-25"/>
      </object_component>
      <object_component id="oc-ad">
         <name>.bss:buf$1</name>
         <uninitialized>true</uninitialized>
         <run_address>0x2000026c</run_address>
         <size>0x80</size>
         <input_file_ref idref="fl-25"/>
      </object_component>
      <object_component id="oc-b1">
         <name>.bss:buf$3</name>
         <uninitialized>true</uninitialized>
         <run_address>0x200002ec</run_address>
         <size>0x80</size>
         <input_file_ref idref="fl-25"/>
      </object_component>
      <object_component id="oc-b5">
         <name>.bss:buf$5</name>
         <uninitialized>true</uninitialized>
         <run_address>0x2000036c</run_address>
         <size>0x80</size>
         <input_file_ref idref="fl-25"/>
      </object_component>
      <object_component id="oc-b9">
         <name>.bss:buf$7</name>
         <uninitialized>true</uninitialized>
         <run_address>0x200003ec</run_address>
         <size>0x80</size>
         <input_file_ref idref="fl-25"/>
      </object_component>
      <object_component id="oc-1af">
         <name>.common:g_pui8OversampleFactor</name>
         <uninitialized>true</uninitialized>
         <run_address>0x200004dc</run_address>
         <size>0x4</size>
      </object_component>
      <object_component id="oc-99">
         <name>.common:ui32Status</name>
         <uninitialized>true</uninitialized>
         <run_address>0x200004e8</run_address>
         <size>0x4</size>
      </object_component>
      <object_component id="oc-9c">
         <name>.common:rx_num</name>
         <uninitialized>true</uninitialized>
         <run_address>0x200004ec</run_address>
         <size>0x1</size>
      </object_component>
      <object_component id="oc-9d">
         <name>.common:rx_msg</name>
         <uninitialized>true</uninitialized>
         <run_address>0x200004e0</run_address>
         <size>0x4</size>
      </object_component>
      <object_component id="oc-a7">
         <name>.common:ui32ADC0_Sequence1</name>
         <uninitialized>true</uninitialized>
         <run_address>0x200004bc</run_address>
         <size>0x20</size>
      </object_component>
      <object_component id="oc-12b">
         <name>.common:ui32ADC0_Sequence3</name>
         <uninitialized>true</uninitialized>
         <run_address>0x200004e4</run_address>
         <size>0x4</size>
      </object_component>
      <object_component id="oc-9e">
         <name>.data</name>
         <load_address>0x200006f0</load_address>
         <run_address>0x200006f0</run_address>
         <size>0x1c</size>
         <input_file_ref idref="fl-25"/>
      </object_component>
      <object_component id="oc-13b">
         <name>.data</name>
         <load_address>0x2000070c</load_address>
         <run_address>0x2000070c</run_address>
         <size>0x8</size>
         <input_file_ref idref="fl-26"/>
      </object_component>
      <object_component id="oc-a1">
         <name>.data</name>
         <load_address>0x20000724</load_address>
         <run_address>0x20000724</run_address>
         <size>0x4</size>
         <input_file_ref idref="fl-27"/>
      </object_component>
      <object_component id="oc-fb">
         <name>.data</name>
         <load_address>0x2000071c</load_address>
         <run_address>0x2000071c</run_address>
         <size>0x8</size>
         <input_file_ref idref="fl-152"/>
      </object_component>
      <object_component id="oc-76">
         <name>.data</name>
         <load_address>0x20000728</load_address>
         <run_address>0x20000728</run_address>
         <size>0x4</size>
         <input_file_ref idref="fl-156"/>
      </object_component>
      <object_component id="oc-f8">
         <name>.data</name>
         <load_address>0x20000714</load_address>
         <run_address>0x20000714</run_address>
         <size>0x8</size>
         <input_file_ref idref="fl-157"/>
      </object_component>
      <object_component id="oc-154">
         <name>.debug_info</name>
         <load_address>0x0</load_address>
         <run_address>0x0</run_address>
         <size>0x12d</size>
         <input_file_ref idref="fl-2"/>
      </object_component>
      <object_component id="oc-f1">
         <name>.debug_info</name>
         <load_address>0x12d</load_address>
         <run_address>0x12d</run_address>
         <size>0x11a</size>
         <input_file_ref idref="fl-2"/>
      </object_component>
      <object_component id="oc-cf">
         <name>.debug_info</name>
         <load_address>0x247</load_address>
         <run_address>0x247</run_address>
         <size>0x1ad</size>
         <input_file_ref idref="fl-2"/>
      </object_component>
      <object_component id="oc-ca">
         <name>.debug_info</name>
         <load_address>0x3f4</load_address>
         <run_address>0x3f4</run_address>
         <size>0x84</size>
         <input_file_ref idref="fl-2"/>
      </object_component>
      <object_component id="oc-be">
         <name>.debug_info</name>
         <load_address>0x478</load_address>
         <run_address>0x478</run_address>
         <size>0x18b</size>
         <input_file_ref idref="fl-2"/>
      </object_component>
      <object_component id="oc-38">
         <name>.debug_info</name>
         <load_address>0x603</load_address>
         <run_address>0x603</run_address>
         <size>0x162</size>
         <input_file_ref idref="fl-3"/>
      </object_component>
      <object_component id="oc-10">
         <name>.debug_info</name>
         <load_address>0x765</load_address>
         <run_address>0x765</run_address>
         <size>0xcd</size>
         <input_file_ref idref="fl-3"/>
      </object_component>
      <object_component id="oc-2d">
         <name>.debug_info</name>
         <load_address>0x832</load_address>
         <run_address>0x832</run_address>
         <size>0x24c</size>
         <input_file_ref idref="fl-3"/>
      </object_component>
      <object_component id="oc-1b0">
         <name>.debug_info</name>
         <load_address>0xa7e</load_address>
         <run_address>0xa7e</run_address>
         <size>0x19f</size>
         <input_file_ref idref="fl-4"/>
      </object_component>
      <object_component id="oc-126">
         <name>.debug_info</name>
         <load_address>0xc1d</load_address>
         <run_address>0xc1d</run_address>
         <size>0x2ab0</size>
         <input_file_ref idref="fl-4"/>
      </object_component>
      <object_component id="oc-c3">
         <name>.debug_info</name>
         <load_address>0x36cd</load_address>
         <run_address>0x36cd</run_address>
         <size>0x8b</size>
         <input_file_ref idref="fl-4"/>
      </object_component>
      <object_component id="oc-187">
         <name>.debug_info</name>
         <load_address>0x3758</load_address>
         <run_address>0x3758</run_address>
         <size>0x319</size>
         <input_file_ref idref="fl-8"/>
      </object_component>
      <object_component id="oc-13a">
         <name>.debug_info</name>
         <load_address>0x3a71</load_address>
         <run_address>0x3a71</run_address>
         <size>0x192</size>
         <input_file_ref idref="fl-10"/>
      </object_component>
      <object_component id="oc-12e">
         <name>.debug_info</name>
         <load_address>0x3c03</load_address>
         <run_address>0x3c03</run_address>
         <size>0xdd</size>
         <input_file_ref idref="fl-10"/>
      </object_component>
      <object_component id="oc-131">
         <name>.debug_info</name>
         <load_address>0x3ce0</load_address>
         <run_address>0x3ce0</run_address>
         <size>0x12b</size>
         <input_file_ref idref="fl-10"/>
      </object_component>
      <object_component id="oc-134">
         <name>.debug_info</name>
         <load_address>0x3e0b</load_address>
         <run_address>0x3e0b</run_address>
         <size>0xdf</size>
         <input_file_ref idref="fl-10"/>
      </object_component>
      <object_component id="oc-137">
         <name>.debug_info</name>
         <load_address>0x3eea</load_address>
         <run_address>0x3eea</run_address>
         <size>0xd1</size>
         <input_file_ref idref="fl-10"/>
      </object_component>
      <object_component id="oc-8f">
         <name>.debug_info</name>
         <load_address>0x3fbb</load_address>
         <run_address>0x3fbb</run_address>
         <size>0x313d</size>
         <input_file_ref idref="fl-10"/>
      </object_component>
      <object_component id="oc-195">
         <name>.debug_info</name>
         <load_address>0x70f8</load_address>
         <run_address>0x70f8</run_address>
         <size>0x17a</size>
         <input_file_ref idref="fl-13"/>
      </object_component>
      <object_component id="oc-18f">
         <name>.debug_info</name>
         <load_address>0x7272</load_address>
         <run_address>0x7272</run_address>
         <size>0x186</size>
         <input_file_ref idref="fl-13"/>
      </object_component>
      <object_component id="oc-192">
         <name>.debug_info</name>
         <load_address>0x73f8</load_address>
         <run_address>0x73f8</run_address>
         <size>0xc4</size>
         <input_file_ref idref="fl-13"/>
      </object_component>
      <object_component id="oc-18c">
         <name>.debug_info</name>
         <load_address>0x74bc</load_address>
         <run_address>0x74bc</run_address>
         <size>0xcd</size>
         <input_file_ref idref="fl-13"/>
      </object_component>
      <object_component id="oc-10e">
         <name>.debug_info</name>
         <load_address>0x7589</load_address>
         <run_address>0x7589</run_address>
         <size>0xccd</size>
         <input_file_ref idref="fl-13"/>
      </object_component>
      <object_component id="oc-1ae">
         <name>.debug_info</name>
         <load_address>0x8256</load_address>
         <run_address>0x8256</run_address>
         <size>0x1eb</size>
         <input_file_ref idref="fl-1c"/>
      </object_component>
      <object_component id="oc-1a4">
         <name>.debug_info</name>
         <load_address>0x8441</load_address>
         <run_address>0x8441</run_address>
         <size>0xc3</size>
         <input_file_ref idref="fl-1c"/>
      </object_component>
      <object_component id="oc-1a7">
         <name>.debug_info</name>
         <load_address>0x8504</load_address>
         <run_address>0x8504</run_address>
         <size>0xcf</size>
         <input_file_ref idref="fl-1c"/>
      </object_component>
      <object_component id="oc-1a1">
         <name>.debug_info</name>
         <load_address>0x85d3</load_address>
         <run_address>0x85d3</run_address>
         <size>0xc9</size>
         <input_file_ref idref="fl-1c"/>
      </object_component>
      <object_component id="oc-1aa">
         <name>.debug_info</name>
         <load_address>0x869c</load_address>
         <run_address>0x869c</run_address>
         <size>0xd6</size>
         <input_file_ref idref="fl-1c"/>
      </object_component>
      <object_component id="oc-120">
         <name>.debug_info</name>
         <load_address>0x8772</load_address>
         <run_address>0x8772</run_address>
         <size>0x28e3</size>
         <input_file_ref idref="fl-1c"/>
      </object_component>
      <object_component id="oc-1e1">
         <name>.debug_info</name>
         <load_address>0xb055</load_address>
         <run_address>0xb055</run_address>
         <size>0x5f</size>
         <input_file_ref idref="fl-1c"/>
      </object_component>
      <object_component id="oc-11e">
         <name>.debug_info</name>
         <load_address>0xb0b4</load_address>
         <run_address>0xb0b4</run_address>
         <size>0x18f</size>
         <input_file_ref idref="fl-1f"/>
      </object_component>
      <object_component id="oc-115">
         <name>.debug_info</name>
         <load_address>0xb243</load_address>
         <run_address>0xb243</run_address>
         <size>0xd0</size>
         <input_file_ref idref="fl-1f"/>
      </object_component>
      <object_component id="oc-118">
         <name>.debug_info</name>
         <load_address>0xb313</load_address>
         <run_address>0xb313</run_address>
         <size>0x11c</size>
         <input_file_ref idref="fl-1f"/>
      </object_component>
      <object_component id="oc-11b">
         <name>.debug_info</name>
         <load_address>0xb42f</load_address>
         <run_address>0xb42f</run_address>
         <size>0xe2</size>
         <input_file_ref idref="fl-1f"/>
      </object_component>
      <object_component id="oc-84">
         <name>.debug_info</name>
         <load_address>0xb511</load_address>
         <run_address>0xb511</run_address>
         <size>0x2458</size>
         <input_file_ref idref="fl-1f"/>
      </object_component>
      <object_component id="oc-113">
         <name>.debug_info</name>
         <load_address>0xd969</load_address>
         <run_address>0xd969</run_address>
         <size>0x184</size>
         <input_file_ref idref="fl-20"/>
      </object_component>
      <object_component id="oc-104">
         <name>.debug_info</name>
         <load_address>0xdaed</load_address>
         <run_address>0xdaed</run_address>
         <size>0xcd</size>
         <input_file_ref idref="fl-20"/>
      </object_component>
      <object_component id="oc-107">
         <name>.debug_info</name>
         <load_address>0xdbba</load_address>
         <run_address>0xdbba</run_address>
         <size>0x117</size>
         <input_file_ref idref="fl-20"/>
      </object_component>
      <object_component id="oc-10a">
         <name>.debug_info</name>
         <load_address>0xdcd1</load_address>
         <run_address>0xdcd1</run_address>
         <size>0xdf</size>
         <input_file_ref idref="fl-20"/>
      </object_component>
      <object_component id="oc-7d">
         <name>.debug_info</name>
         <load_address>0xddb0</load_address>
         <run_address>0xddb0</run_address>
         <size>0x263e</size>
         <input_file_ref idref="fl-20"/>
      </object_component>
      <object_component id="oc-13f">
         <name>.debug_info</name>
         <load_address>0x103ee</load_address>
         <run_address>0x103ee</run_address>
         <size>0x2ca</size>
         <input_file_ref idref="fl-24"/>
      </object_component>
      <object_component id="oc-94">
         <name>.debug_info</name>
         <load_address>0x106b8</load_address>
         <run_address>0x106b8</run_address>
         <size>0x27e</size>
         <input_file_ref idref="fl-24"/>
      </object_component>
      <object_component id="oc-9a">
         <name>.debug_info</name>
         <load_address>0x10936</load_address>
         <run_address>0x10936</run_address>
         <size>0x3ab</size>
         <input_file_ref idref="fl-25"/>
      </object_component>
      <object_component id="oc-ab">
         <name>.debug_info</name>
         <load_address>0x10ce1</load_address>
         <run_address>0x10ce1</run_address>
         <size>0xbb</size>
         <input_file_ref idref="fl-25"/>
      </object_component>
      <object_component id="oc-9f">
         <name>.debug_info</name>
         <load_address>0x10d9c</load_address>
         <run_address>0x10d9c</run_address>
         <size>0x117</size>
         <input_file_ref idref="fl-25"/>
      </object_component>
      <object_component id="oc-a5">
         <name>.debug_info</name>
         <load_address>0x10eb3</load_address>
         <run_address>0x10eb3</run_address>
         <size>0xbf</size>
         <input_file_ref idref="fl-25"/>
      </object_component>
      <object_component id="oc-af">
         <name>.debug_info</name>
         <load_address>0x10f72</load_address>
         <run_address>0x10f72</run_address>
         <size>0xb4</size>
         <input_file_ref idref="fl-25"/>
      </object_component>
      <object_component id="oc-b3">
         <name>.debug_info</name>
         <load_address>0x11026</load_address>
         <run_address>0x11026</run_address>
         <size>0xb4</size>
         <input_file_ref idref="fl-25"/>
      </object_component>
      <object_component id="oc-b7">
         <name>.debug_info</name>
         <load_address>0x110da</load_address>
         <run_address>0x110da</run_address>
         <size>0xb4</size>
         <input_file_ref idref="fl-25"/>
      </object_component>
      <object_component id="oc-bb">
         <name>.debug_info</name>
         <load_address>0x1118e</load_address>
         <run_address>0x1118e</run_address>
         <size>0xb4</size>
         <input_file_ref idref="fl-25"/>
      </object_component>
      <object_component id="oc-31">
         <name>.debug_info</name>
         <load_address>0x11242</load_address>
         <run_address>0x11242</run_address>
         <size>0x73a</size>
         <input_file_ref idref="fl-25"/>
      </object_component>
      <object_component id="oc-13c">
         <name>.debug_info</name>
         <load_address>0x1197c</load_address>
         <run_address>0x1197c</run_address>
         <size>0xf6</size>
         <input_file_ref idref="fl-26"/>
      </object_component>
      <object_component id="oc-164">
         <name>.debug_info</name>
         <load_address>0x11a72</load_address>
         <run_address>0x11a72</run_address>
         <size>0x25d</size>
         <input_file_ref idref="fl-26"/>
      </object_component>
      <object_component id="oc-a8">
         <name>.debug_info</name>
         <load_address>0x11ccf</load_address>
         <run_address>0x11ccf</run_address>
         <size>0x3c6</size>
         <input_file_ref idref="fl-27"/>
      </object_component>
      <object_component id="oc-a2">
         <name>.debug_info</name>
         <load_address>0x12095</load_address>
         <run_address>0x12095</run_address>
         <size>0xb3</size>
         <input_file_ref idref="fl-27"/>
      </object_component>
      <object_component id="oc-88">
         <name>.debug_info</name>
         <load_address>0x12148</load_address>
         <run_address>0x12148</run_address>
         <size>0x3d5</size>
         <input_file_ref idref="fl-27"/>
      </object_component>
      <object_component id="oc-26">
         <name>.debug_info</name>
         <load_address>0x1251d</load_address>
         <run_address>0x1251d</run_address>
         <size>0x138</size>
         <input_file_ref idref="fl-14e"/>
      </object_component>
      <object_component id="oc-44">
         <name>.debug_info</name>
         <load_address>0x12655</load_address>
         <run_address>0x12655</run_address>
         <size>0x123</size>
         <input_file_ref idref="fl-14f"/>
      </object_component>
      <object_component id="oc-13">
         <name>.debug_info</name>
         <load_address>0x12778</load_address>
         <run_address>0x12778</run_address>
         <size>0x1c2</size>
         <input_file_ref idref="fl-14f"/>
      </object_component>
      <object_component id="oc-3f">
         <name>.debug_info</name>
         <load_address>0x1293a</load_address>
         <run_address>0x1293a</run_address>
         <size>0x46</size>
         <input_file_ref idref="fl-14f"/>
      </object_component>
      <object_component id="oc-d5">
         <name>.debug_info</name>
         <load_address>0x12980</load_address>
         <run_address>0x12980</run_address>
         <size>0x2c</size>
         <input_file_ref idref="fl-14f"/>
      </object_component>
      <object_component id="oc-4c">
         <name>.debug_info</name>
         <load_address>0x129ac</load_address>
         <run_address>0x129ac</run_address>
         <size>0x117</size>
         <input_file_ref idref="fl-150"/>
      </object_component>
      <object_component id="oc-47">
         <name>.debug_info</name>
         <load_address>0x12ac3</load_address>
         <run_address>0x12ac3</run_address>
         <size>0x22a</size>
         <input_file_ref idref="fl-150"/>
      </object_component>
      <object_component id="oc-1a">
         <name>.debug_info</name>
         <load_address>0x12ced</load_address>
         <run_address>0x12ced</run_address>
         <size>0x1bc</size>
         <input_file_ref idref="fl-150"/>
      </object_component>
      <object_component id="oc-4d">
         <name>.debug_info</name>
         <load_address>0x12ea9</load_address>
         <run_address>0x12ea9</run_address>
         <size>0x39</size>
         <input_file_ref idref="fl-150"/>
      </object_component>
      <object_component id="oc-df">
         <name>.debug_info</name>
         <load_address>0x12ee2</load_address>
         <run_address>0x12ee2</run_address>
         <size>0x2c</size>
         <input_file_ref idref="fl-150"/>
      </object_component>
      <object_component id="oc-5d">
         <name>.debug_info</name>
         <load_address>0x12f0e</load_address>
         <run_address>0x12f0e</run_address>
         <size>0x112</size>
         <input_file_ref idref="fl-151"/>
      </object_component>
      <object_component id="oc-20">
         <name>.debug_info</name>
         <load_address>0x13020</load_address>
         <run_address>0x13020</run_address>
         <size>0x18d</size>
         <input_file_ref idref="fl-151"/>
      </object_component>
      <object_component id="oc-58">
         <name>.debug_info</name>
         <load_address>0x131ad</load_address>
         <run_address>0x131ad</run_address>
         <size>0x46</size>
         <input_file_ref idref="fl-151"/>
      </object_component>
      <object_component id="oc-ff">
         <name>.debug_info</name>
         <load_address>0x131f3</load_address>
         <run_address>0x131f3</run_address>
         <size>0x174</size>
         <input_file_ref idref="fl-152"/>
      </object_component>
      <object_component id="oc-fc">
         <name>.debug_info</name>
         <load_address>0x13367</load_address>
         <run_address>0x13367</run_address>
         <size>0x119</size>
         <input_file_ref idref="fl-152"/>
      </object_component>
      <object_component id="oc-73">
         <name>.debug_info</name>
         <load_address>0x13480</load_address>
         <run_address>0x13480</run_address>
         <size>0x1f0</size>
         <input_file_ref idref="fl-152"/>
      </object_component>
      <object_component id="oc-3b">
         <name>.debug_info</name>
         <load_address>0x13670</load_address>
         <run_address>0x13670</run_address>
         <size>0xfa</size>
         <input_file_ref idref="fl-153"/>
      </object_component>
      <object_component id="oc-55">
         <name>.debug_info</name>
         <load_address>0x1376a</load_address>
         <run_address>0x1376a</run_address>
         <size>0x12a</size>
         <input_file_ref idref="fl-154"/>
      </object_component>
      <object_component id="oc-5f">
         <name>.debug_info</name>
         <load_address>0x13894</load_address>
         <run_address>0x13894</run_address>
         <size>0x12b</size>
         <input_file_ref idref="fl-155"/>
      </object_component>
      <object_component id="oc-77">
         <name>.debug_info</name>
         <load_address>0x139bf</load_address>
         <run_address>0x139bf</run_address>
         <size>0xec</size>
         <input_file_ref idref="fl-156"/>
      </object_component>
      <object_component id="oc-179">
         <name>.debug_info</name>
         <load_address>0x13aab</load_address>
         <run_address>0x13aab</run_address>
         <size>0x107</size>
         <input_file_ref idref="fl-157"/>
      </object_component>
      <object_component id="oc-f9">
         <name>.debug_info</name>
         <load_address>0x13bb2</load_address>
         <run_address>0x13bb2</run_address>
         <size>0xf6</size>
         <input_file_ref idref="fl-157"/>
      </object_component>
      <object_component id="oc-172">
         <name>.debug_info</name>
         <load_address>0x13ca8</load_address>
         <run_address>0x13ca8</run_address>
         <size>0x202</size>
         <input_file_ref idref="fl-157"/>
      </object_component>
      <object_component id="oc-f7">
         <name>.debug_info</name>
         <load_address>0x13eaa</load_address>
         <run_address>0x13eaa</run_address>
         <size>0x149</size>
         <input_file_ref idref="fl-158"/>
      </object_component>
      <object_component id="oc-6c">
         <name>.debug_info</name>
         <load_address>0x13ff3</load_address>
         <run_address>0x13ff3</run_address>
         <size>0x14a</size>
         <input_file_ref idref="fl-158"/>
      </object_component>
      <object_component id="oc-16c">
         <name>.debug_info</name>
         <load_address>0x1413d</load_address>
         <run_address>0x1413d</run_address>
         <size>0x5e</size>
         <input_file_ref idref="fl-158"/>
      </object_component>
      <object_component id="oc-ef">
         <name>.debug_info</name>
         <load_address>0x1419b</load_address>
         <run_address>0x1419b</run_address>
         <size>0x2a0</size>
         <input_file_ref idref="fl-159"/>
      </object_component>
      <object_component id="oc-65">
         <name>.debug_info</name>
         <load_address>0x1443b</load_address>
         <run_address>0x1443b</run_address>
         <size>0x15a</size>
         <input_file_ref idref="fl-159"/>
      </object_component>
      <object_component id="oc-159">
         <name>.debug_info</name>
         <load_address>0x14595</load_address>
         <run_address>0x14595</run_address>
         <size>0x39</size>
         <input_file_ref idref="fl-159"/>
      </object_component>
      <object_component id="oc-15e">
         <name>.debug_info</name>
         <load_address>0x145ce</load_address>
         <run_address>0x145ce</run_address>
         <size>0xcd</size>
         <input_file_ref idref="fl-159"/>
      </object_component>
      <object_component id="oc-156">
         <name>.debug_info</name>
         <load_address>0x1469b</load_address>
         <run_address>0x1469b</run_address>
         <size>0x1c3</size>
         <input_file_ref idref="fl-15a"/>
      </object_component>
      <object_component id="oc-e9">
         <name>.debug_info</name>
         <load_address>0x1485e</load_address>
         <run_address>0x1485e</run_address>
         <size>0x17f</size>
         <input_file_ref idref="fl-15a"/>
      </object_component>
      <object_component id="oc-1c5">
         <name>.debug_info</name>
         <load_address>0x149dd</load_address>
         <run_address>0x149dd</run_address>
         <size>0x2c</size>
         <input_file_ref idref="fl-15a"/>
      </object_component>
      <object_component id="oc-20f">
         <name>.debug_info</name>
         <load_address>0x14a09</load_address>
         <run_address>0x14a09</run_address>
         <size>0x86</size>
      </object_component>
      <object_component id="oc-1c2">
         <name>.debug_line</name>
         <load_address>0x0</load_address>
         <run_address>0x0</run_address>
         <size>0x54</size>
         <input_file_ref idref="fl-2"/>
      </object_component>
      <object_component id="oc-f4">
         <name>.debug_line</name>
         <load_address>0x54</load_address>
         <run_address>0x54</run_address>
         <size>0x46</size>
         <input_file_ref idref="fl-2"/>
      </object_component>
      <object_component id="oc-d2">
         <name>.debug_line</name>
         <load_address>0x9a</load_address>
         <run_address>0x9a</run_address>
         <size>0x2f</size>
         <input_file_ref idref="fl-2"/>
      </object_component>
      <object_component id="oc-cd">
         <name>.debug_line</name>
         <load_address>0xc9</load_address>
         <run_address>0xc9</run_address>
         <size>0x20</size>
         <input_file_ref idref="fl-2"/>
      </object_component>
      <object_component id="oc-c1">
         <name>.debug_line</name>
         <load_address>0xe9</load_address>
         <run_address>0xe9</run_address>
         <size>0x60</size>
         <input_file_ref idref="fl-2"/>
      </object_component>
      <object_component id="oc-c9">
         <name>.debug_line</name>
         <load_address>0x149</load_address>
         <run_address>0x149</run_address>
         <size>0x52</size>
         <input_file_ref idref="fl-3"/>
      </object_component>
      <object_component id="oc-37">
         <name>.debug_line</name>
         <load_address>0x19b</load_address>
         <run_address>0x19b</run_address>
         <size>0x42</size>
         <input_file_ref idref="fl-3"/>
      </object_component>
      <object_component id="oc-2c">
         <name>.debug_line</name>
         <load_address>0x1dd</load_address>
         <run_address>0x1dd</run_address>
         <size>0xa2</size>
         <input_file_ref idref="fl-3"/>
      </object_component>
      <object_component id="oc-1e7">
         <name>.debug_line</name>
         <load_address>0x27f</load_address>
         <run_address>0x27f</run_address>
         <size>0x5c</size>
         <input_file_ref idref="fl-4"/>
      </object_component>
      <object_component id="oc-12a">
         <name>.debug_line</name>
         <load_address>0x2db</load_address>
         <run_address>0x2db</run_address>
         <size>0x5d1</size>
         <input_file_ref idref="fl-4"/>
      </object_component>
      <object_component id="oc-c6">
         <name>.debug_line</name>
         <load_address>0x8ac</load_address>
         <run_address>0x8ac</run_address>
         <size>0x20</size>
         <input_file_ref idref="fl-4"/>
      </object_component>
      <object_component id="oc-18a">
         <name>.debug_line</name>
         <load_address>0x8cc</load_address>
         <run_address>0x8cc</run_address>
         <size>0xd9</size>
         <input_file_ref idref="fl-8"/>
      </object_component>
      <object_component id="oc-1bc">
         <name>.debug_line</name>
         <load_address>0x9a5</load_address>
         <run_address>0x9a5</run_address>
         <size>0x46</size>
         <input_file_ref idref="fl-10"/>
      </object_component>
      <object_component id="oc-1b4">
         <name>.debug_line</name>
         <load_address>0x9eb</load_address>
         <run_address>0x9eb</run_address>
         <size>0x37</size>
         <input_file_ref idref="fl-10"/>
      </object_component>
      <object_component id="oc-1b6">
         <name>.debug_line</name>
         <load_address>0xa22</load_address>
         <run_address>0xa22</run_address>
         <size>0x37</size>
         <input_file_ref idref="fl-10"/>
      </object_component>
      <object_component id="oc-1b8">
         <name>.debug_line</name>
         <load_address>0xa59</load_address>
         <run_address>0xa59</run_address>
         <size>0x37</size>
         <input_file_ref idref="fl-10"/>
      </object_component>
      <object_component id="oc-1ba">
         <name>.debug_line</name>
         <load_address>0xa90</load_address>
         <run_address>0xa90</run_address>
         <size>0x37</size>
         <input_file_ref idref="fl-10"/>
      </object_component>
      <object_component id="oc-8e">
         <name>.debug_line</name>
         <load_address>0xac7</load_address>
         <run_address>0xac7</run_address>
         <size>0x64c</size>
         <input_file_ref idref="fl-10"/>
      </object_component>
      <object_component id="oc-1d6">
         <name>.debug_line</name>
         <load_address>0x1113</load_address>
         <run_address>0x1113</run_address>
         <size>0x40</size>
         <input_file_ref idref="fl-13"/>
      </object_component>
      <object_component id="oc-1d2">
         <name>.debug_line</name>
         <load_address>0x1153</load_address>
         <run_address>0x1153</run_address>
         <size>0x3c</size>
         <input_file_ref idref="fl-13"/>
      </object_component>
      <object_component id="oc-1d4">
         <name>.debug_line</name>
         <load_address>0x118f</load_address>
         <run_address>0x118f</run_address>
         <size>0x3c</size>
         <input_file_ref idref="fl-13"/>
      </object_component>
      <object_component id="oc-1d0">
         <name>.debug_line</name>
         <load_address>0x11cb</load_address>
         <run_address>0x11cb</run_address>
         <size>0x3c</size>
         <input_file_ref idref="fl-13"/>
      </object_component>
      <object_component id="oc-111">
         <name>.debug_line</name>
         <load_address>0x1207</load_address>
         <run_address>0x1207</run_address>
         <size>0x2ed</size>
         <input_file_ref idref="fl-13"/>
      </object_component>
      <object_component id="oc-1e0">
         <name>.debug_line</name>
         <load_address>0x14f4</load_address>
         <run_address>0x14f4</run_address>
         <size>0x89</size>
         <input_file_ref idref="fl-1c"/>
      </object_component>
      <object_component id="oc-1da">
         <name>.debug_line</name>
         <load_address>0x157d</load_address>
         <run_address>0x157d</run_address>
         <size>0x39</size>
         <input_file_ref idref="fl-1c"/>
      </object_component>
      <object_component id="oc-1dc">
         <name>.debug_line</name>
         <load_address>0x15b6</load_address>
         <run_address>0x15b6</run_address>
         <size>0x39</size>
         <input_file_ref idref="fl-1c"/>
      </object_component>
      <object_component id="oc-1d8">
         <name>.debug_line</name>
         <load_address>0x15ef</load_address>
         <run_address>0x15ef</run_address>
         <size>0x39</size>
         <input_file_ref idref="fl-1c"/>
      </object_component>
      <object_component id="oc-1de">
         <name>.debug_line</name>
         <load_address>0x1628</load_address>
         <run_address>0x1628</run_address>
         <size>0x39</size>
         <input_file_ref idref="fl-1c"/>
      </object_component>
      <object_component id="oc-124">
         <name>.debug_line</name>
         <load_address>0x1661</load_address>
         <run_address>0x1661</run_address>
         <size>0x962</size>
         <input_file_ref idref="fl-1c"/>
      </object_component>
      <object_component id="oc-1e4">
         <name>.debug_line</name>
         <load_address>0x1fc3</load_address>
         <run_address>0x1fc3</run_address>
         <size>0x39</size>
         <input_file_ref idref="fl-1c"/>
      </object_component>
      <object_component id="oc-19f">
         <name>.debug_line</name>
         <load_address>0x1ffc</load_address>
         <run_address>0x1ffc</run_address>
         <size>0x46</size>
         <input_file_ref idref="fl-1f"/>
      </object_component>
      <object_component id="oc-199">
         <name>.debug_line</name>
         <load_address>0x2042</load_address>
         <run_address>0x2042</run_address>
         <size>0x38</size>
         <input_file_ref idref="fl-1f"/>
      </object_component>
      <object_component id="oc-19b">
         <name>.debug_line</name>
         <load_address>0x207a</load_address>
         <run_address>0x207a</run_address>
         <size>0x38</size>
         <input_file_ref idref="fl-1f"/>
      </object_component>
      <object_component id="oc-19d">
         <name>.debug_line</name>
         <load_address>0x20b2</load_address>
         <run_address>0x20b2</run_address>
         <size>0x38</size>
         <input_file_ref idref="fl-1f"/>
      </object_component>
      <object_component id="oc-83">
         <name>.debug_line</name>
         <load_address>0x20ea</load_address>
         <run_address>0x20ea</run_address>
         <size>0x515</size>
         <input_file_ref idref="fl-1f"/>
      </object_component>
      <object_component id="oc-197">
         <name>.debug_line</name>
         <load_address>0x25ff</load_address>
         <run_address>0x25ff</run_address>
         <size>0x46</size>
         <input_file_ref idref="fl-20"/>
      </object_component>
      <object_component id="oc-180">
         <name>.debug_line</name>
         <load_address>0x2645</load_address>
         <run_address>0x2645</run_address>
         <size>0x37</size>
         <input_file_ref idref="fl-20"/>
      </object_component>
      <object_component id="oc-182">
         <name>.debug_line</name>
         <load_address>0x267c</load_address>
         <run_address>0x267c</run_address>
         <size>0x37</size>
         <input_file_ref idref="fl-20"/>
      </object_component>
      <object_component id="oc-184">
         <name>.debug_line</name>
         <load_address>0x26b3</load_address>
         <run_address>0x26b3</run_address>
         <size>0x37</size>
         <input_file_ref idref="fl-20"/>
      </object_component>
      <object_component id="oc-7c">
         <name>.debug_line</name>
         <load_address>0x26ea</load_address>
         <run_address>0x26ea</run_address>
         <size>0x59b</size>
         <input_file_ref idref="fl-20"/>
      </object_component>
      <object_component id="oc-1c0">
         <name>.debug_line</name>
         <load_address>0x2c85</load_address>
         <run_address>0x2c85</run_address>
         <size>0xfd</size>
         <input_file_ref idref="fl-24"/>
      </object_component>
      <object_component id="oc-97">
         <name>.debug_line</name>
         <load_address>0x2d82</load_address>
         <run_address>0x2d82</run_address>
         <size>0x73</size>
         <input_file_ref idref="fl-24"/>
      </object_component>
      <object_component id="oc-141">
         <name>.debug_line</name>
         <load_address>0x2df5</load_address>
         <run_address>0x2df5</run_address>
         <size>0xf4</size>
         <input_file_ref idref="fl-25"/>
      </object_component>
      <object_component id="oc-14b">
         <name>.debug_line</name>
         <load_address>0x2ee9</load_address>
         <run_address>0x2ee9</run_address>
         <size>0x30</size>
         <input_file_ref idref="fl-25"/>
      </object_component>
      <object_component id="oc-143">
         <name>.debug_line</name>
         <load_address>0x2f19</load_address>
         <run_address>0x2f19</run_address>
         <size>0x30</size>
         <input_file_ref idref="fl-25"/>
      </object_component>
      <object_component id="oc-147">
         <name>.debug_line</name>
         <load_address>0x2f49</load_address>
         <run_address>0x2f49</run_address>
         <size>0x30</size>
         <input_file_ref idref="fl-25"/>
      </object_component>
      <object_component id="oc-14d">
         <name>.debug_line</name>
         <load_address>0x2f79</load_address>
         <run_address>0x2f79</run_address>
         <size>0x30</size>
         <input_file_ref idref="fl-25"/>
      </object_component>
      <object_component id="oc-14f">
         <name>.debug_line</name>
         <load_address>0x2fa9</load_address>
         <run_address>0x2fa9</run_address>
         <size>0x30</size>
         <input_file_ref idref="fl-25"/>
      </object_component>
      <object_component id="oc-151">
         <name>.debug_line</name>
         <load_address>0x2fd9</load_address>
         <run_address>0x2fd9</run_address>
         <size>0x30</size>
         <input_file_ref idref="fl-25"/>
      </object_component>
      <object_component id="oc-153">
         <name>.debug_line</name>
         <load_address>0x3009</load_address>
         <run_address>0x3009</run_address>
         <size>0x30</size>
         <input_file_ref idref="fl-25"/>
      </object_component>
      <object_component id="oc-34">
         <name>.debug_line</name>
         <load_address>0x3039</load_address>
         <run_address>0x3039</run_address>
         <size>0x1bd</size>
         <input_file_ref idref="fl-25"/>
      </object_component>
      <object_component id="oc-1be">
         <name>.debug_line</name>
         <load_address>0x31f6</load_address>
         <run_address>0x31f6</run_address>
         <size>0x32</size>
         <input_file_ref idref="fl-26"/>
      </object_component>
      <object_component id="oc-167">
         <name>.debug_line</name>
         <load_address>0x3228</load_address>
         <run_address>0x3228</run_address>
         <size>0x5d</size>
         <input_file_ref idref="fl-26"/>
      </object_component>
      <object_component id="oc-149">
         <name>.debug_line</name>
         <load_address>0x3285</load_address>
         <run_address>0x3285</run_address>
         <size>0xc4</size>
         <input_file_ref idref="fl-27"/>
      </object_component>
      <object_component id="oc-145">
         <name>.debug_line</name>
         <load_address>0x3349</load_address>
         <run_address>0x3349</run_address>
         <size>0x30</size>
         <input_file_ref idref="fl-27"/>
      </object_component>
      <object_component id="oc-8b">
         <name>.debug_line</name>
         <load_address>0x3379</load_address>
         <run_address>0x3379</run_address>
         <size>0x97</size>
         <input_file_ref idref="fl-27"/>
      </object_component>
      <object_component id="oc-25">
         <name>.debug_line</name>
         <load_address>0x3410</load_address>
         <run_address>0x3410</run_address>
         <size>0x52</size>
         <input_file_ref idref="fl-14e"/>
      </object_component>
      <object_component id="oc-db">
         <name>.debug_line</name>
         <load_address>0x3462</load_address>
         <run_address>0x3462</run_address>
         <size>0x72</size>
         <input_file_ref idref="fl-14f"/>
      </object_component>
      <object_component id="oc-16">
         <name>.debug_line</name>
         <load_address>0x34d4</load_address>
         <run_address>0x34d4</run_address>
         <size>0x55</size>
         <input_file_ref idref="fl-14f"/>
      </object_component>
      <object_component id="oc-42">
         <name>.debug_line</name>
         <load_address>0x3529</load_address>
         <run_address>0x3529</run_address>
         <size>0x3a</size>
         <input_file_ref idref="fl-14f"/>
      </object_component>
      <object_component id="oc-d8">
         <name>.debug_line</name>
         <load_address>0x3563</load_address>
         <run_address>0x3563</run_address>
         <size>0x72</size>
         <input_file_ref idref="fl-14f"/>
      </object_component>
      <object_component id="oc-de">
         <name>.debug_line</name>
         <load_address>0x35d5</load_address>
         <run_address>0x35d5</run_address>
         <size>0x72</size>
         <input_file_ref idref="fl-150"/>
      </object_component>
      <object_component id="oc-49">
         <name>.debug_line</name>
         <load_address>0x3647</load_address>
         <run_address>0x3647</run_address>
         <size>0x98</size>
         <input_file_ref idref="fl-150"/>
      </object_component>
      <object_component id="oc-1c">
         <name>.debug_line</name>
         <load_address>0x36df</load_address>
         <run_address>0x36df</run_address>
         <size>0x4b</size>
         <input_file_ref idref="fl-150"/>
      </object_component>
      <object_component id="oc-50">
         <name>.debug_line</name>
         <load_address>0x372a</load_address>
         <run_address>0x372a</run_address>
         <size>0x39</size>
         <input_file_ref idref="fl-150"/>
      </object_component>
      <object_component id="oc-e2">
         <name>.debug_line</name>
         <load_address>0x3763</load_address>
         <run_address>0x3763</run_address>
         <size>0x72</size>
         <input_file_ref idref="fl-150"/>
      </object_component>
      <object_component id="oc-e6">
         <name>.debug_line</name>
         <load_address>0x37d5</load_address>
         <run_address>0x37d5</run_address>
         <size>0x72</size>
         <input_file_ref idref="fl-151"/>
      </object_component>
      <object_component id="oc-1f">
         <name>.debug_line</name>
         <load_address>0x3847</load_address>
         <run_address>0x3847</run_address>
         <size>0x4f</size>
         <input_file_ref idref="fl-151"/>
      </object_component>
      <object_component id="oc-5b">
         <name>.debug_line</name>
         <load_address>0x3896</load_address>
         <run_address>0x3896</run_address>
         <size>0x34</size>
         <input_file_ref idref="fl-151"/>
      </object_component>
      <object_component id="oc-17e">
         <name>.debug_line</name>
         <load_address>0x38ca</load_address>
         <run_address>0x38ca</run_address>
         <size>0x71</size>
         <input_file_ref idref="fl-152"/>
      </object_component>
      <object_component id="oc-17c">
         <name>.debug_line</name>
         <load_address>0x393b</load_address>
         <run_address>0x393b</run_address>
         <size>0x2a</size>
         <input_file_ref idref="fl-152"/>
      </object_component>
      <object_component id="oc-72">
         <name>.debug_line</name>
         <load_address>0x3965</load_address>
         <run_address>0x3965</run_address>
         <size>0x7a</size>
         <input_file_ref idref="fl-152"/>
      </object_component>
      <object_component id="oc-3a">
         <name>.debug_line</name>
         <load_address>0x39df</load_address>
         <run_address>0x39df</run_address>
         <size>0x88</size>
         <input_file_ref idref="fl-153"/>
      </object_component>
      <object_component id="oc-54">
         <name>.debug_line</name>
         <load_address>0x3a67</load_address>
         <run_address>0x3a67</run_address>
         <size>0x79</size>
         <input_file_ref idref="fl-154"/>
      </object_component>
      <object_component id="oc-63">
         <name>.debug_line</name>
         <load_address>0x3ae0</load_address>
         <run_address>0x3ae0</run_address>
         <size>0x40</size>
         <input_file_ref idref="fl-155"/>
      </object_component>
      <object_component id="oc-102">
         <name>.debug_line</name>
         <load_address>0x3b20</load_address>
         <run_address>0x3b20</run_address>
         <size>0x33</size>
         <input_file_ref idref="fl-156"/>
      </object_component>
      <object_component id="oc-1cd">
         <name>.debug_line</name>
         <load_address>0x3b53</load_address>
         <run_address>0x3b53</run_address>
         <size>0x20</size>
         <input_file_ref idref="fl-157"/>
      </object_component>
      <object_component id="oc-178">
         <name>.debug_line</name>
         <load_address>0x3b73</load_address>
         <run_address>0x3b73</run_address>
         <size>0x2b</size>
         <input_file_ref idref="fl-157"/>
      </object_component>
      <object_component id="oc-175">
         <name>.debug_line</name>
         <load_address>0x3b9e</load_address>
         <run_address>0x3b9e</run_address>
         <size>0x68</size>
         <input_file_ref idref="fl-157"/>
      </object_component>
      <object_component id="oc-16b">
         <name>.debug_line</name>
         <load_address>0x3c06</load_address>
         <run_address>0x3c06</run_address>
         <size>0x2b</size>
         <input_file_ref idref="fl-158"/>
      </object_component>
      <object_component id="oc-6f">
         <name>.debug_line</name>
         <load_address>0x3c31</load_address>
         <run_address>0x3c31</run_address>
         <size>0x50</size>
         <input_file_ref idref="fl-158"/>
      </object_component>
      <object_component id="oc-16f">
         <name>.debug_line</name>
         <load_address>0x3c81</load_address>
         <run_address>0x3c81</run_address>
         <size>0x2b</size>
         <input_file_ref idref="fl-158"/>
      </object_component>
      <object_component id="oc-158">
         <name>.debug_line</name>
         <load_address>0x3cac</load_address>
         <run_address>0x3cac</run_address>
         <size>0x81</size>
         <input_file_ref idref="fl-159"/>
      </object_component>
      <object_component id="oc-68">
         <name>.debug_line</name>
         <load_address>0x3d2d</load_address>
         <run_address>0x3d2d</run_address>
         <size>0x79</size>
         <input_file_ref idref="fl-159"/>
      </object_component>
      <object_component id="oc-15c">
         <name>.debug_line</name>
         <load_address>0x3da6</load_address>
         <run_address>0x3da6</run_address>
         <size>0x2e</size>
         <input_file_ref idref="fl-159"/>
      </object_component>
      <object_component id="oc-161">
         <name>.debug_line</name>
         <load_address>0x3dd4</load_address>
         <run_address>0x3dd4</run_address>
         <size>0x73</size>
         <input_file_ref idref="fl-159"/>
      </object_component>
      <object_component id="oc-1c4">
         <name>.debug_line</name>
         <load_address>0x3e47</load_address>
         <run_address>0x3e47</run_address>
         <size>0x80</size>
         <input_file_ref idref="fl-15a"/>
      </object_component>
      <object_component id="oc-ec">
         <name>.debug_line</name>
         <load_address>0x3ec7</load_address>
         <run_address>0x3ec7</run_address>
         <size>0x68</size>
         <input_file_ref idref="fl-15a"/>
      </object_component>
      <object_component id="oc-1c8">
         <name>.debug_line</name>
         <load_address>0x3f2f</load_address>
         <run_address>0x3f2f</run_address>
         <size>0x2e</size>
         <input_file_ref idref="fl-15a"/>
      </object_component>
      <object_component id="oc-f5">
         <name>.debug_frame</name>
         <load_address>0x0</load_address>
         <run_address>0x0</run_address>
         <size>0x86</size>
         <input_file_ref idref="fl-2"/>
      </object_component>
      <object_component id="oc-2b">
         <name>.debug_frame</name>
         <load_address>0x86</load_address>
         <run_address>0x86</run_address>
         <size>0xb2</size>
         <input_file_ref idref="fl-3"/>
      </object_component>
      <object_component id="oc-129">
         <name>.debug_frame</name>
         <load_address>0x138</load_address>
         <run_address>0x138</run_address>
         <size>0x450</size>
         <input_file_ref idref="fl-4"/>
      </object_component>
      <object_component id="oc-189">
         <name>.debug_frame</name>
         <load_address>0x588</load_address>
         <run_address>0x588</run_address>
         <size>0xda</size>
         <input_file_ref idref="fl-8"/>
      </object_component>
      <object_component id="oc-92">
         <name>.debug_frame</name>
         <load_address>0x662</load_address>
         <run_address>0x662</run_address>
         <size>0x59b</size>
         <input_file_ref idref="fl-10"/>
      </object_component>
      <object_component id="oc-10d">
         <name>.debug_frame</name>
         <load_address>0xbfd</load_address>
         <run_address>0xbfd</run_address>
         <size>0x1f3</size>
         <input_file_ref idref="fl-13"/>
      </object_component>
      <object_component id="oc-123">
         <name>.debug_frame</name>
         <load_address>0xdf0</load_address>
         <run_address>0xdf0</run_address>
         <size>0x576</size>
         <input_file_ref idref="fl-1c"/>
      </object_component>
      <object_component id="oc-86">
         <name>.debug_frame</name>
         <load_address>0x1366</load_address>
         <run_address>0x1366</run_address>
         <size>0x402</size>
         <input_file_ref idref="fl-1f"/>
      </object_component>
      <object_component id="oc-80">
         <name>.debug_frame</name>
         <load_address>0x1768</load_address>
         <run_address>0x1768</run_address>
         <size>0x4b6</size>
         <input_file_ref idref="fl-20"/>
      </object_component>
      <object_component id="oc-98">
         <name>.debug_frame</name>
         <load_address>0x1c1e</load_address>
         <run_address>0x1c1e</run_address>
         <size>0xa2</size>
         <input_file_ref idref="fl-24"/>
      </object_component>
      <object_component id="oc-35">
         <name>.debug_frame</name>
         <load_address>0x1cc0</load_address>
         <run_address>0x1cc0</run_address>
         <size>0x131</size>
         <input_file_ref idref="fl-25"/>
      </object_component>
      <object_component id="oc-168">
         <name>.debug_frame</name>
         <load_address>0x1df1</load_address>
         <run_address>0x1df1</run_address>
         <size>0x87</size>
         <input_file_ref idref="fl-26"/>
      </object_component>
      <object_component id="oc-8c">
         <name>.debug_frame</name>
         <load_address>0x1e78</load_address>
         <run_address>0x1e78</run_address>
         <size>0xba</size>
         <input_file_ref idref="fl-27"/>
      </object_component>
      <object_component id="oc-17">
         <name>.debug_frame</name>
         <load_address>0x1f32</load_address>
         <run_address>0x1f32</run_address>
         <size>0x7f</size>
         <input_file_ref idref="fl-14f"/>
      </object_component>
      <object_component id="oc-4a">
         <name>.debug_frame</name>
         <load_address>0x1fb1</load_address>
         <run_address>0x1fb1</run_address>
         <size>0x8e</size>
         <input_file_ref idref="fl-150"/>
      </object_component>
      <object_component id="oc-1d">
[...]
      </symbol>
      <symbol id="sm-476">
         <name>TimerControlTrigger</name>
         <value>0x25d9</value>
         <object_component_ref idref="oc-81"/>
      </symbol>
      <symbol id="sm-477">
         <name>TimerPrescaleSet</name>
         <value>0x2775</value>
         <object_component_ref idref="oc-81"/>
      </symbol>
      <symbol id="sm-478">
         <name>TimerControlStall</name>
         <value>0x2671</value>
         <object_component_ref idref="oc-81"/>
      </symbol>
      <symbol id="sm-479">
         <name>TimerMatchGet64</name>
         <value>0x2951</value>
         <object_component_ref idref="oc-81"/>
      </symbol>
      <symbol id="sm-47a">
         <name>TimerRTCEnable</name>
         <value>0x2707</value>
         <object_component_ref idref="oc-81"/>
      </symbol>
      <symbol id="sm-47b">
         <name>TimerLoadGet</name>
         <value>0x282f</value>
         <object_component_ref idref="oc-81"/>
      </symbol>
      <symbol id="sm-47c">
         <name>TimerIntEnable</name>
         <value>0x29c9</value>
         <object_component_ref idref="oc-81"/>
      </symbol>
      <symbol id="sm-47d">
         <name>TimerClockSourceSet</name>
         <value>0x2749</value>
         <object_component_ref idref="oc-81"/>
      </symbol>
      <symbol id="sm-47e">
         <name>TimerLoadSet64</name>
         <value>0x284b</value>
         <object_component_ref idref="oc-81"/>
      </symbol>
      <symbol id="sm-47f">
         <name>TimerDMAEventGet</name>
         <value>0x2a6d</value>
         <object_component_ref idref="oc-81"/>
      </symbol>
      <symbol id="sm-480">
         <name>TimerRTCDisable</name>
         <value>0x271d</value>
         <object_component_ref idref="oc-81"/>
      </symbol>
      <symbol id="sm-481">
         <name>TimerADCEventGet</name>
         <value>0x2a4d</value>
         <object_component_ref idref="oc-81"/>
      </symbol>
      <symbol id="sm-482">
         <name>TimerPrescaleMatchSet</name>
         <value>0x27bb</value>
         <object_component_ref idref="oc-81"/>
      </symbol>
      <symbol id="sm-483">
         <name>TimerControlWaitOnTrigger</name>
         <value>0x26a7</value>
         <object_component_ref idref="oc-81"/>
      </symbol>
      <symbol id="sm-484">
         <name>TimerConfigure</name>
         <value>0x2527</value>
         <object_component_ref idref="oc-81"/>
      </symbol>
      <symbol id="sm-485">
         <name>TimerControlEvent</name>
         <value>0x2647</value>
         <object_component_ref idref="oc-81"/>
      </symbol>
      <symbol id="sm-486">
         <name>TimerIntClear</name>
         <value>0x2a17</value>
         <object_component_ref idref="oc-81"/>
      </symbol>
      <symbol id="sm-487">
         <name>TimerSynchronize</name>
         <value>0x2a29</value>
         <object_component_ref idref="oc-81"/>
      </symbol>
      <symbol id="sm-504">
         <name>UARTClockSourceGet</name>
         <value>0x3049</value>
         <object_component_ref idref="oc-7b"/>
      </symbol>
      <symbol id="sm-505">
         <name>UARTCharPutNonBlocking</name>
         <value>0x2ebd</value>
         <object_component_ref idref="oc-7b"/>
      </symbol>
      <symbol id="sm-506">
         <name>UARTDMAEnable</name>
         <value>0x2fe3</value>
         <object_component_ref idref="oc-7b"/>
      </symbol>
      <symbol id="sm-507">
         <name>UARTTxIntModeSet</name>
         <value>0x2e21</value>
         <object_component_ref idref="oc-7b"/>
      </symbol>
      <symbol id="sm-508">
         <name>UARTFIFODisable</name>
         <value>0x2cc7</value>
         <object_component_ref idref="oc-7b"/>
      </symbol>
      <symbol id="sm-509">
         <name>UARTIntUnregister</name>
         <value>0x2f69</value>
         <object_component_ref idref="oc-7b"/>
      </symbol>
      <symbol id="sm-50a">
         <name>UARTRxErrorClear</name>
         <value>0x3025</value>
         <object_component_ref idref="oc-7b"/>
      </symbol>
      <symbol id="sm-50b">
         <name>UARTModemControlSet</name>
         <value>0x2d69</value>
         <object_component_ref idref="oc-7b"/>
      </symbol>
      <symbol id="sm-50c">
         <name>UARTFlowControlSet</name>
         <value>0x2df3</value>
         <object_component_ref idref="oc-7b"/>
      </symbol>
      <symbol id="sm-50d">
         <name>UARTConfigSetExpClk</name>
         <value>0x2ba1</value>
         <object_component_ref idref="oc-7b"/>
      </symbol>
      <symbol id="sm-50e">
         <name>UARTSmartCardDisable</name>
         <value>0x2d53</value>
         <object_component_ref idref="oc-7b"/>
      </symbol>
      <symbol id="sm-50f">
         <name>UARTDisable</name>
         <value>0x2c87</value>
         <object_component_ref idref="oc-7b"/>
      </symbol>
      <symbol id="sm-510">
         <name>UART9BitDisable</name>
         <value>0x306f</value>
         <object_component_ref idref="oc-7b"/>
      </symbol>
      <symbol id="sm-511">
         <name>UARTFIFOLevelGet</name>
         <value>0x2b79</value>
         <object_component_ref idref="oc-7b"/>
      </symbol>
      <symbol id="sm-512">
         <name>UARTBusy</name>
         <value>0x2f29</value>
         <object_component_ref idref="oc-7b"/>
      </symbol>
      <symbol id="sm-513">
         <name>UARTDisableSIR</name>
         <value>0x2d0b</value>
         <object_component_ref idref="oc-7b"/>
      </symbol>
      <symbol id="sm-514">
         <name>UARTIntEnable</name>
         <value>0x2f83</value>
         <object_component_ref idref="oc-7b"/>
      </symbol>
      <symbol id="sm-515">
         <name>UARTCharsAvail</name>
         <value>0x2e4f</value>
         <object_component_ref idref="oc-7b"/>
      </symbol>
      <symbol id="sm-516">
         <name>UARTCharGetNonBlocking</name>
         <value>0x2e8b</value>
         <object_component_ref idref="oc-7b"/>
      </symbol>
      <symbol id="sm-517">
         <name>UARTClockSourceSet</name>
         <value>0x3035</value>
         <object_component_ref idref="oc-7b"/>
      </symbol>
      <symbol id="sm-518">
         <name>UARTTxIntModeGet</name>
         <value>0x2e3d</value>
         <object_component_ref idref="oc-7b"/>
      </symbol>
      <symbol id="sm-519">
         <name>UARTModemStatusGet</name>
         <value>0x2ddf</value>
         <object_component_ref idref="oc-7b"/>
      </symbol>
      <symbol id="sm-51a">
         <name>UARTIntDisable</name>
         <value>0x2f9b</value>
         <object_component_ref idref="oc-7b"/>
      </symbol>
      <symbol id="sm-51b">
         <name>UARTCharPut</name>
         <value>0x2ee1</value>
         <object_component_ref idref="oc-7b"/>
      </symbol>
      <symbol id="sm-51c">
         <name>UARTParityModeSet</name>
         <value>0x2b33</value>
         <object_component_ref idref="oc-7b"/>
      </symbol>
      <symbol id="sm-51d">
         <name>UARTRxErrorGet</name>
         <value>0x3013</value>
         <object_component_ref idref="oc-7b"/>
      </symbol>
      <symbol id="sm-51e">
         <name>UARTConfigGetExpClk</name>
         <value>0x2c17</value>
         <object_component_ref idref="oc-7b"/>
      </symbol>
      <symbol id="sm-51f">
         <name>UARTEnableSIR</name>
         <value>0x2cdd</value>
         <object_component_ref idref="oc-7b"/>
      </symbol>
      <symbol id="sm-520">
         <name>UARTEnable</name>
         <value>0x2c63</value>
         <object_component_ref idref="oc-7b"/>
      </symbol>
      <symbol id="sm-521">
         <name>UART9BitAddrSend</name>
         <value>0x30ab</value>
         <object_component_ref idref="oc-7b"/>
      </symbol>
      <symbol id="sm-522">
         <name>UARTModemControlGet</name>
         <value>0x2dcd</value>
         <object_component_ref idref="oc-7b"/>
      </symbol>
      <symbol id="sm-523">
         <name>UARTSmartCardEnable</name>
         <value>0x2d21</value>
         <object_component_ref idref="oc-7b"/>
      </symbol>
      <symbol id="sm-524">
         <name>UARTFlowControlGet</name>
         <value>0x2e0f</value>
         <object_component_ref idref="oc-7b"/>
      </symbol>
      <symbol id="sm-525">
         <name>UARTFIFOEnable</name>
         <value>0x2cb1</value>
         <object_component_ref idref="oc-7b"/>
      </symbol>
      <symbol id="sm-526">
         <name>UARTIntClear</name>
         <value>0x2fd1</value>
         <object_component_ref idref="oc-7b"/>
      </symbol>
      <symbol id="sm-527">
         <name>UARTIntStatus</name>
         <value>0x2fb3</value>
         <object_component_ref idref="oc-7b"/>
      </symbol>
      <symbol id="sm-528">
         <name>UARTDMADisable</name>
         <value>0x2ffb</value>
         <object_component_ref idref="oc-7b"/>
      </symbol>
      <symbol id="sm-529">
         <name>UART9BitEnable</name>
         <value>0x3059</value>
         <object_component_ref idref="oc-7b"/>
      </symbol>
      <symbol id="sm-52a">
         <name>UARTSpaceAvail</name>
         <value>0x2e6d</value>
         <object_component_ref idref="oc-7b"/>
      </symbol>
      <symbol id="sm-52b">
         <name>UARTCharGet</name>
         <value>0x2ea7</value>
         <object_component_ref idref="oc-7b"/>
      </symbol>
      <symbol id="sm-52c">
         <name>UARTFIFOLevelSet</name>
         <value>0x2b61</value>
         <object_component_ref idref="oc-7b"/>
      </symbol>
      <symbol id="sm-52d">
         <name>UARTModemControlClear</name>
         <value>0x2da9</value>
         <object_component_ref idref="oc-7b"/>
      </symbol>
      <symbol id="sm-52e">
         <name>UARTParityModeGet</name>
         <value>0x2b4f</value>
         <object_component_ref idref="oc-7b"/>
      </symbol>
      <symbol id="sm-52f">
         <name>UARTIntRegister</name>
         <value>0x2f47</value>
         <object_component_ref idref="oc-7b"/>
      </symbol>
      <symbol id="sm-530">
         <name>UARTBreakCtl</name>
         <value>0x2eff</value>
         <object_component_ref idref="oc-7b"/>
      </symbol>
      <symbol id="sm-531">
         <name>UART9BitAddrSet</name>
         <value>0x3085</value>
         <object_component_ref idref="oc-7b"/>
      </symbol>
      <symbol id="sm-54b">
         <name>sci_msg</name>
         <value>0x3be1</value>
         <object_component_ref idref="oc-93"/>
      </symbol>
      <symbol id="sm-54c">
         <name>uart_init</name>
         <value>0x3b89</value>
         <object_component_ref idref="oc-93"/>
      </symbol>
      <symbol id="sm-5d7">
         <name>ui32Status</name>
         <value>0x200004e8</value>
      </symbol>
      <symbol id="sm-5d8">
         <name>rx_num</name>
         <value>0x200004ec</value>
      </symbol>
      <symbol id="sm-5d9">
         <name>rx_msg</name>
         <value>0x200004e0</value>
      </symbol>
      <symbol id="sm-5da">
         <name>data_comb_rx</name>
         <value>0x2000046c</value>
         <object_component_ref idref="oc-aa"/>
      </symbol>
      <symbol id="sm-5db">
         <name>bp_filter</name>
         <value>0x3419</value>
         <object_component_ref idref="oc-30"/>
      </symbol>
      <symbol id="sm-5dc">
         <name>data_comb_send</name>
         <value>0x20000494</value>
         <object_component_ref idref="oc-a4"/>
      </symbol>
      <symbol id="sm-5dd">
         <name>lp_filter</name>
         <value>0x331b</value>
         <object_component_ref idref="oc-30"/>
      </symbol>
      <symbol id="sm-5de">
         <name>dc_estimator</name>
         <value>0x3507</value>
         <object_component_ref idref="oc-30"/>
      </symbol>
      <symbol id="sm-5df">
         <name>bs_filter</name>
         <value>0x349d</value>
         <object_component_ref idref="oc-30"/>
      </symbol>
      <symbol id="sm-5e0">
         <name>hp_filter</name>
         <value>0x338d</value>
         <object_component_ref idref="oc-30"/>
      </symbol>
      <symbol id="sm-5e1">
         <name>UARTIntHandler</name>
         <value>0x30f5</value>
         <object_component_ref idref="oc-30"/>
      </symbol>
      <symbol id="sm-5e2">
         <name>rx_data_index</name>
         <value>0x200006f0</value>
         <object_component_ref idref="oc-9e"/>
      </symbol>
      <symbol id="sm-5e3">
         <name>iir_dc_register</name>
         <value>0x200006f8</value>
         <object_component_ref idref="oc-9e"/>
      </symbol>
      <symbol id="sm-5e4">
         <name>data_comb_ptr</name>
         <value>0x200006f4</value>
         <object_component_ref idref="oc-9e"/>
      </symbol>
      <symbol id="sm-5e5">
         <name>Timer0IntHandler</name>
         <value>0x317b</value>
         <object_component_ref idref="oc-30"/>
      </symbol>
      <symbol id="sm-602">
         <name>g_ui32SysClockReal</name>
         <value>0x20000710</value>
         <object_component_ref idref="oc-13b"/>
      </symbol>
      <symbol id="sm-603">
         <name>sys_init</name>
         <value>0x3a35</value>
         <object_component_ref idref="oc-163"/>
      </symbol>
      <symbol id="sm-604">
         <name>g_ui32SysClock</name>
         <value>0x2000070c</value>
         <object_component_ref idref="oc-13b"/>
      </symbol>
      <symbol id="sm-623">
         <name>ui32ADC0_Sequence1</name>
         <value>0x200004bc</value>
      </symbol>
      <symbol id="sm-624">
         <name>ui32ADC0_Sequence3</name>
         <value>0x200004e4</value>
      </symbol>
      <symbol id="sm-625">
         <name>adc_voltage_get</name>
         <value>0x39ef</value>
         <object_component_ref idref="oc-87"/>
      </symbol>
      <symbol id="sm-626">
         <name>mcu_temp</name>
         <value>0x20000724</value>
         <object_component_ref idref="oc-a1"/>
      </symbol>
      <symbol id="sm-627">
         <name>adc_init</name>
         <value>0x392d</value>
         <object_component_ref idref="oc-87"/>
      </symbol>
      <symbol id="sm-628">
         <name>mcu_temp_get</name>
         <value>0x39a9</value>
         <object_component_ref idref="oc-87"/>
      </symbol>
      <symbol id="sm-63a">
         <name>_c_int00</name>
         <value>0x3d75</value>
         <object_component_ref idref="oc-24"/>
      </symbol>
      <symbol id="sm-63b">
         <name>__stack</name>
         <value>0x200004f0</value>
         <object_component_ref idref="oc-29"/>
      </symbol>
      <symbol id="sm-652">
         <name>__TI_decompress_none</name>
         <value>0x3ef9</value>
         <object_component_ref idref="oc-12"/>
      </symbol>
      <symbol id="sm-67a">
         <name>__TI_decompress_rle24</name>
         <value>0x3f25</value>
         <object_component_ref idref="oc-18"/>
      </symbol>
      <symbol id="sm-68c">
         <name>__TI_zero_init</name>
         <value>0x3f07</value>
         <object_component_ref idref="oc-1e"/>
      </symbol>
      <symbol id="sm-6ab">
         <name>C$$EXIT</name>
         <value>0x3e11</value>
         <object_component_ref idref="oc-70"/>
      </symbol>
      <symbol id="sm-6ac">
         <name>abort</name>
         <value>0x3e15</value>
         <object_component_ref idref="oc-70"/>
      </symbol>
      <symbol id="sm-6ad">
         <name>exit</name>
         <value>0x3e1d</value>
         <object_component_ref idref="oc-70"/>
      </symbol>
      <symbol id="sm-6ae">
         <name>__TI_dtors_ptr</name>
         <value>0x20000720</value>
         <object_component_ref idref="oc-fb"/>
      </symbol>
      <symbol id="sm-6af">
         <name>__TI_cleanup_ptr</name>
         <value>0x2000071c</value>
         <object_component_ref idref="oc-fb"/>
      </symbol>
      <symbol id="sm-6ca">
         <name>memcpy</name>
         <value>0x3aed</value>
         <object_component_ref idref="oc-39"/>
      </symbol>
      <symbol id="sm-6cb">
         <name>__aeabi_memcpy</name>
         <value>0x3aed</value>
         <object_component_ref idref="oc-39"/>
      </symbol>
      <symbol id="sm-6cc">
         <name>__aeabi_memcpy8</name>
         <value>0x3aed</value>
         <object_component_ref idref="oc-39"/>
      </symbol>
      <symbol id="sm-6cd">
         <name>__aeabi_memcpy4</name>
         <value>0x3aed</value>
         <object_component_ref idref="oc-39"/>
      </symbol>
      <symbol id="sm-6dc">
         <name>__aeabi_memset</name>
         <value>0x3c23</value>
         <object_component_ref idref="oc-52"/>
      </symbol>
      <symbol id="sm-6dd">
         <name>memset</name>
         <value>0x3c29</value>
         <object_component_ref idref="oc-52"/>
      </symbol>
      <symbol id="sm-6de">
         <name>__aeabi_memset8</name>
         <value>0x3c23</value>
         <object_component_ref idref="oc-52"/>
      </symbol>
      <symbol id="sm-6df">
         <name>__aeabi_memset4</name>
         <value>0x3c23</value>
         <object_component_ref idref="oc-52"/>
      </symbol>
      <symbol id="sm-6e0">
         <name>__aeabi_memclr8</name>
         <value>0x3c21</value>
         <object_component_ref idref="oc-52"/>
      </symbol>
      <symbol id="sm-6e1">
         <name>__aeabi_memclr4</name>
         <value>0x3c21</value>
         <object_component_ref idref="oc-52"/>
      </symbol>
      <symbol id="sm-6e2">
         <name>__aeabi_memclr</name>
         <value>0x3c21</value>
         <object_component_ref idref="oc-52"/>
      </symbol>
      <symbol id="sm-6ec">
         <name>_system_pre_init</name>
         <value>0x3f2b</value>
         <object_component_ref idref="oc-5e"/>
      </symbol>
      <symbol id="sm-6f4">
         <name>main_func_sp</name>
         <value>0x20000728</value>
         <object_component_ref idref="oc-76"/>
      </symbol>
      <symbol id="sm-70d">
         <name>_nop</name>
         <value>0x3ef3</value>
         <object_component_ref idref="oc-171"/>
      </symbol>
      <symbol id="sm-70e">
         <name>_lock</name>
         <value>0x20000714</value>
         <object_component_ref idref="oc-f8"/>
      </symbol>
      <symbol id="sm-70f">
         <name>_unlock</name>
         <value>0x20000718</value>
         <object_component_ref idref="oc-f8"/>
      </symbol>
      <symbol id="sm-710">
         <name>_register_lock</name>
         <value>0x3eeb</value>
         <object_component_ref idref="oc-171"/>
      </symbol>
      <symbol id="sm-711">
         <name>_register_unlock</name>
         <value>0x3ee5</value>
         <object_component_ref idref="oc-171"/>
      </symbol>
      <symbol id="sm-726">
         <name>_args_main</name>
         <value>0x3ecd</value>
         <object_component_ref idref="oc-6a"/>
      </symbol>
      <symbol id="sm-74c">
         <name>__TI_auto_init</name>
         <value>0x3c9d</value>
         <object_component_ref idref="oc-64"/>
      </symbol>
      <symbol id="sm-766">
         <name>copy_in</name>
         <value>0x3dc5</value>
         <object_component_ref idref="oc-e8"/>
      </symbol>
      <symbol id="sm-767">
         <name>__TI_static_base__</name>
         <value>0x0</value>
      </symbol>
      <symbol id="sm-76a">
         <name>SHT$$INIT_ARRAY$$Limit</name>
         <value>0x0</value>
      </symbol>
      <symbol id="sm-76b">
         <name>SHT$$INIT_ARRAY$$Base</name>
         <value>0x0</value>
      </symbol>
   </symbol_table>
   <title>Link successful</title>
</link_info>
